// Jest Snapshot v1, https://goo.gl/fbAQLP

exports[`renders learn react link 1`] = `
<div
  className="row"
>
  <div
    className="col-md-12"
  >
    <div
      className="row"
    >
      <div
        className="col-md-2 mb-3"
      >
        <label>
          Name
        </label>
      </div>
      <div
        className="col-md-4 mb-3"
      >
        <input
          className="form-control"
          name="name"
          onChange={[Function]}
          type="text"
          value=""
        />
      </div>
    </div>
    <div
      className="row"
    >
      <div
        className="col-md-2 mb-3"
      >
        <label>
          Email
        </label>
      </div>
      <div
        className="col-md-4 mb-3"
      >
        <input
          className="form-control"
          name="email"
          onChange={[Function]}
          type="text"
          value=""
        />
      </div>
    </div>
    <div
      className="row"
    >
      <div
        className="col-md-2 mb-3"
      >
        <label />
      </div>
      <div
        className="col-md-4 mb-3"
      >
        <button
          className="btn btn-primary"
          onClick={[Function]}
          type="button"
        >
          Submit
        </button>
      </div>
    </div>
  </div>
</div>
`;
